// Vitest Snapshot v1, https://vitest.dev/guide/snapshot.html

exports[`is a valid Oxlint config override 1`] = `
{
  "rules": {
    "import/no-empty-named-blocks": "off",
    "import/no-unassigned-import": "off",
    "import/prefer-default-export": "off",
    "import/unambiguous": "off",
    "typescript/consistent-type-definitions": "off",
    "typescript/no-empty-interface": "off",
    "typescript/no-empty-object-type": "off",
    "typescript/no-restricted-types": "off",
    "unicorn/require-module-specifiers": "off",
  },
}
`;
