// Vitest Snapshot v1, https://vitest.dev/guide/snapshot.html

exports[`is a valid Oxlint config override 1`] = `
{
  "rules": {
    "import/no-anonymous-default-export": [
      "error",
      {
        "allowObject": true,
      },
    ],
    "import/unambiguous": "off",
    "unicorn/no-empty-file": "off",
  },
}
`;
